// Jest Snapshot v1, https://goo.gl/fbAQLP

exports[`LoadingSkeletonTable test should render <LoadingSkeletonTable/> correctly 1`] = `
<div
  className="container mt-5 mb-5 pt-5 pb-5 "
>
  <div
    className="head-table-skeleton"
  >
    <div
      className="test-skeleton"
    >
      <Skeleton
        circle={false}
        count={1}
        delay={0}
        duration={1.2}
        height={40}
        width={80}
        wrapper={null}
      />
    </div>
    <div>
      <Skeleton
        circle={false}
        count={1}
        delay={0}
        duration={1.2}
        height={40}
        width={80}
        wrapper={null}
      />
    </div>
    <div>
      <Skeleton
        circle={false}
        count={1}
        delay={0}
        duration={1.2}
        height={40}
        width={80}
        wrapper={null}
      />
    </div>
    <div>
      <Skeleton
        circle={false}
        count={1}
        delay={0}
        duration={1.2}
        height={40}
        width={80}
        wrapper={null}
      />
    </div>
    <div>
      <Skeleton
        circle={false}
        count={1}
        delay={0}
        duration={1.2}
        height={40}
        width={80}
        wrapper={null}
      />
    </div>
    <div>
      <Skeleton
        circle={false}
        count={1}
        delay={0}
        duration={1.2}
        height={40}
        width={80}
        wrapper={null}
      />
    </div>
    <div>
      <Skeleton
        circle={false}
        count={1}
        delay={0}
        duration={1.2}
        height={40}
        width={80}
        wrapper={null}
      />
    </div>
  </div>
  <Skeleton
    circle={false}
    count={10}
    delay={0}
    duration={1.2}
    height={70}
    width={null}
    wrapper={null}
  />
</div>
`;
